D:/Faks-Zan/3.LETNIK/1.SEMESTER/VS/Project/PulseOximeter/Middlewares/Third_Party/LibJPEG/source/jcdctmgr.c:65:1:forward_DCT	304	static
D:/Faks-Zan/3.LETNIK/1.SEMESTER/VS/Project/PulseOximeter/Middlewares/Third_Party/LibJPEG/source/jcdctmgr.c:128:1:forward_DCT_float	312	static
D:/Faks-Zan/3.LETNIK/1.SEMESTER/VS/Project/PulseOximeter/Middlewares/Third_Party/LibJPEG/source/jcdctmgr.c:180:1:start_pass_fdctmgr	112	static
D:/Faks-Zan/3.LETNIK/1.SEMESTER/VS/Project/PulseOximeter/Middlewares/Third_Party/LibJPEG/source/jcdctmgr.c:464:1:jinit_forward_dct	8	static
