Screen.hpp:104:18:virtual void touchgfx::Screen::afterTransition()	0	static
Screen.hpp:144:18:virtual void touchgfx::Screen::handleTickEvent()	0	static
Screen.hpp:154:18:virtual void touchgfx::Screen::handleKeyEvent(uint8_t)	0	static
StartScreenView.cpp:13:6:virtual void StartScreenView::tearDownScreen()	0	static
StartScreenView.hpp:11:13:StartScreenView::~StartScreenView()	8	static
StartScreenView.hpp:11:13:virtual StartScreenView::~StartScreenView()	8	static
StartScreenView.cpp:3:1:StartScreenView::StartScreenView()	8	static
StartScreenView.cpp:8:6:virtual void StartScreenView::setupScreen()	0	static
