D:/Faks-Zan/3.LETNIK/1.SEMESTER/VS/Project/PulseOximeter/Core/Src/main.c:788:6:StartDefaultTask	8	static
D:/Faks-Zan/3.LETNIK/1.SEMESTER/VS/Project/PulseOximeter/Core/Src/main.c:806:6:InitializeEquipment	8	static
D:/Faks-Zan/3.LETNIK/1.SEMESTER/VS/Project/PulseOximeter/Core/Src/main.c:824:6:CalculateData	8	static
D:/Faks-Zan/3.LETNIK/1.SEMESTER/VS/Project/PulseOximeter/Core/Src/main.c:274:6:SystemClock_Config	136	static
D:/Faks-Zan/3.LETNIK/1.SEMESTER/VS/Project/PulseOximeter/Core/Src/main.c:157:5:main	112	static,ignoring_inline_asm
D:/Faks-Zan/3.LETNIK/1.SEMESTER/VS/Project/PulseOximeter/Core/Src/main.c:915:6:HAL_TIM_PeriodElapsedCallback	0	static
D:/Faks-Zan/3.LETNIK/1.SEMESTER/VS/Project/PulseOximeter/Core/Src/main.c:933:6:Error_Handler	0	static
