D:/Faks-Zan/3.LETNIK/1.SEMESTER/VS/Project/PulseOximeter/Core/Src/main.c:301:5:compare	1
D:/Faks-Zan/3.LETNIK/1.SEMESTER/VS/Project/PulseOximeter/Core/Src/main.c:847:6:StartDefaultTask	10
D:/Faks-Zan/3.LETNIK/1.SEMESTER/VS/Project/PulseOximeter/Core/Src/main.c:904:6:InitializeEquipment	5
D:/Faks-Zan/3.LETNIK/1.SEMESTER/VS/Project/PulseOximeter/Core/Src/main.c:940:6:CalculateData	6
D:/Faks-Zan/3.LETNIK/1.SEMESTER/VS/Project/PulseOximeter/Core/Src/main.c:284:9:maxSpo2	3
D:/Faks-Zan/3.LETNIK/1.SEMESTER/VS/Project/PulseOximeter/Core/Src/main.c:293:9:getHeartRate	4
D:/Faks-Zan/3.LETNIK/1.SEMESTER/VS/Project/PulseOximeter/Core/Src/main.c:311:6:SystemClock_Config	2
D:/Faks-Zan/3.LETNIK/1.SEMESTER/VS/Project/PulseOximeter/Core/Src/main.c:169:5:main	5
D:/Faks-Zan/3.LETNIK/1.SEMESTER/VS/Project/PulseOximeter/Core/Src/main.c:1050:6:HAL_TIM_PeriodElapsedCallback	2
D:/Faks-Zan/3.LETNIK/1.SEMESTER/VS/Project/PulseOximeter/Core/Src/main.c:1068:6:Error_Handler	1
