D:/Faks-Zan/3.LETNIK/1.SEMESTER/VS/Project/PulseOximeter/Core/Src/main.c:843:6:StartDefaultTask	10
D:/Faks-Zan/3.LETNIK/1.SEMESTER/VS/Project/PulseOximeter/Core/Src/main.c:914:6:InitializeEquipment	5
D:/Faks-Zan/3.LETNIK/1.SEMESTER/VS/Project/PulseOximeter/Core/Src/main.c:957:6:CalculateData	10
D:/Faks-Zan/3.LETNIK/1.SEMESTER/VS/Project/PulseOximeter/Core/Src/main.c:279:9:maxSpo2	3
D:/Faks-Zan/3.LETNIK/1.SEMESTER/VS/Project/PulseOximeter/Core/Src/main.c:289:9:getHeartRate	10
D:/Faks-Zan/3.LETNIK/1.SEMESTER/VS/Project/PulseOximeter/Core/Src/main.c:298:6:bubbleSort	6
D:/Faks-Zan/3.LETNIK/1.SEMESTER/VS/Project/PulseOximeter/Core/Src/main.c:321:6:SystemClock_Config	2
D:/Faks-Zan/3.LETNIK/1.SEMESTER/VS/Project/PulseOximeter/Core/Src/main.c:166:5:main	5
D:/Faks-Zan/3.LETNIK/1.SEMESTER/VS/Project/PulseOximeter/Core/Src/main.c:1067:6:HAL_TIM_PeriodElapsedCallback	2
D:/Faks-Zan/3.LETNIK/1.SEMESTER/VS/Project/PulseOximeter/Core/Src/main.c:1085:6:Error_Handler	1
