../Application/User/oximeter5.c:593:13:dev_find_peaks.constprop	36	static
../Application/User/oximeter5.c:63:7:oximeter5_init	16	static
../Application/User/oximeter5.c:73:7:oximeter5_default_cfg	64	static
../Application/User/oximeter5.c:133:7:oximeter5_generic_write	32	static
../Application/User/oximeter5.c:138:7:oximeter5_generic_read	32	static
../Application/User/oximeter5.c:143:9:oximeter5_check_interrupt	8	static
../Application/User/oximeter5.c:148:7:oximeter5_sw_reset	32	static
../Application/User/oximeter5.c:158:7:oximeter5_read_temperature	48	static
../Application/User/oximeter5.c:183:7:oximeter5_set_fifo_wr_pointer	32	static
../Application/User/oximeter5.c:188:7:oximeter5_set_fifo_rd_pointer	32	static
../Application/User/oximeter5.c:193:7:oximeter5_set_fifo_cfg	32	static
../Application/User/oximeter5.c:204:7:oximeter5_set_mode_cfg	32	static
../Application/User/oximeter5.c:211:7:oximeter5_set_spo2_cfg	40	static
../Application/User/oximeter5.c:222:7:oximeter5_read_sensor_data	40	static
../Application/User/oximeter5.c:245:7:oximeter5_get_oxygen_saturation	944	static
../Application/User/oximeter5.c:415:7:oximeter5_get_heart_rate	488	static
