D:/Faks-Zan/3.LETNIK/1.SEMESTER/VS/Project/PulseOximeter/Core/Src/stm32h7xx_it.c:79:6:NMI_Handler	0	static
D:/Faks-Zan/3.LETNIK/1.SEMESTER/VS/Project/PulseOximeter/Core/Src/stm32h7xx_it.c:92:6:HardFault_Handler	0	static
D:/Faks-Zan/3.LETNIK/1.SEMESTER/VS/Project/PulseOximeter/Core/Src/stm32h7xx_it.c:107:6:MemManage_Handler	0	static
D:/Faks-Zan/3.LETNIK/1.SEMESTER/VS/Project/PulseOximeter/Core/Src/stm32h7xx_it.c:122:6:BusFault_Handler	0	static
D:/Faks-Zan/3.LETNIK/1.SEMESTER/VS/Project/PulseOximeter/Core/Src/stm32h7xx_it.c:137:6:UsageFault_Handler	0	static
D:/Faks-Zan/3.LETNIK/1.SEMESTER/VS/Project/PulseOximeter/Core/Src/stm32h7xx_it.c:152:6:DebugMon_Handler	0	static
D:/Faks-Zan/3.LETNIK/1.SEMESTER/VS/Project/PulseOximeter/Core/Src/stm32h7xx_it.c:172:6:TIM6_DAC_IRQHandler	0	static
D:/Faks-Zan/3.LETNIK/1.SEMESTER/VS/Project/PulseOximeter/Core/Src/stm32h7xx_it.c:186:6:LTDC_IRQHandler	0	static
D:/Faks-Zan/3.LETNIK/1.SEMESTER/VS/Project/PulseOximeter/Core/Src/stm32h7xx_it.c:200:6:DMA2D_IRQHandler	0	static
D:/Faks-Zan/3.LETNIK/1.SEMESTER/VS/Project/PulseOximeter/Core/Src/stm32h7xx_it.c:214:6:I2C4_EV_IRQHandler	0	static
D:/Faks-Zan/3.LETNIK/1.SEMESTER/VS/Project/PulseOximeter/Core/Src/stm32h7xx_it.c:228:6:I2C4_ER_IRQHandler	0	static
D:/Faks-Zan/3.LETNIK/1.SEMESTER/VS/Project/PulseOximeter/Core/Src/stm32h7xx_it.c:242:6:JPEG_IRQHandler	0	static
D:/Faks-Zan/3.LETNIK/1.SEMESTER/VS/Project/PulseOximeter/Core/Src/stm32h7xx_it.c:256:6:MDMA_IRQHandler	8	static
D:/Faks-Zan/3.LETNIK/1.SEMESTER/VS/Project/PulseOximeter/Core/Src/stm32h7xx_it.c:271:6:DMAMUX2_OVR_IRQHandler	0	static
D:/Faks-Zan/3.LETNIK/1.SEMESTER/VS/Project/PulseOximeter/Core/Src/stm32h7xx_it.c:284:6:BDMA_Channel0_IRQHandler	0	static
D:/Faks-Zan/3.LETNIK/1.SEMESTER/VS/Project/PulseOximeter/Core/Src/stm32h7xx_it.c:298:6:BDMA_Channel1_IRQHandler	0	static
