D:/Faks-Zan/3.LETNIK/1.SEMESTER/VS/Project/PulseOximeter/Core/Src/stm32h7xx_hal_msp.c:67:6:HAL_MspInit	16	static
D:/Faks-Zan/3.LETNIK/1.SEMESTER/VS/Project/PulseOximeter/Core/Src/stm32h7xx_hal_msp.c:91:6:HAL_CRC_MspInit	8	static
D:/Faks-Zan/3.LETNIK/1.SEMESTER/VS/Project/PulseOximeter/Core/Src/stm32h7xx_hal_msp.c:114:6:HAL_CRC_MspDeInit	0	static
D:/Faks-Zan/3.LETNIK/1.SEMESTER/VS/Project/PulseOximeter/Core/Src/stm32h7xx_hal_msp.c:136:6:HAL_DMA2D_MspInit	16	static
D:/Faks-Zan/3.LETNIK/1.SEMESTER/VS/Project/PulseOximeter/Core/Src/stm32h7xx_hal_msp.c:162:6:HAL_DMA2D_MspDeInit	0	static
D:/Faks-Zan/3.LETNIK/1.SEMESTER/VS/Project/PulseOximeter/Core/Src/stm32h7xx_hal_msp.c:187:6:HAL_JPEG_MspInit	24	static
D:/Faks-Zan/3.LETNIK/1.SEMESTER/VS/Project/PulseOximeter/Core/Src/stm32h7xx_hal_msp.c:272:6:HAL_JPEG_MspDeInit	8	static
D:/Faks-Zan/3.LETNIK/1.SEMESTER/VS/Project/PulseOximeter/Core/Src/stm32h7xx_hal_msp.c:301:6:HAL_LTDC_MspInit	248	static
D:/Faks-Zan/3.LETNIK/1.SEMESTER/VS/Project/PulseOximeter/Core/Src/stm32h7xx_hal_msp.c:414:6:HAL_LTDC_MspDeInit	8	static
D:/Faks-Zan/3.LETNIK/1.SEMESTER/VS/Project/PulseOximeter/Core/Src/stm32h7xx_hal_msp.c:482:6:HAL_QSPI_MspInit	264	static
D:/Faks-Zan/3.LETNIK/1.SEMESTER/VS/Project/PulseOximeter/Core/Src/stm32h7xx_hal_msp.c:576:6:HAL_QSPI_MspDeInit	8	static
D:/Faks-Zan/3.LETNIK/1.SEMESTER/VS/Project/PulseOximeter/Core/Src/stm32h7xx_hal_msp.c:619:6:HAL_UART_MspInit	232	static
D:/Faks-Zan/3.LETNIK/1.SEMESTER/VS/Project/PulseOximeter/Core/Src/stm32h7xx_hal_msp.c:667:6:HAL_UART_MspDeInit	0	static
D:/Faks-Zan/3.LETNIK/1.SEMESTER/VS/Project/PulseOximeter/Core/Src/stm32h7xx_hal_msp.c:801:6:HAL_SDRAM_MspInit	240	static
D:/Faks-Zan/3.LETNIK/1.SEMESTER/VS/Project/PulseOximeter/Core/Src/stm32h7xx_hal_msp.c:885:6:HAL_SDRAM_MspDeInit	8	static
