D:/Faks-Zan/3.LETNIK/1.SEMESTER/VS/Project/PulseOximeter/Core/Src/stm32h7xx_hal_msp.c:71:6:HAL_MspInit	16	static
D:/Faks-Zan/3.LETNIK/1.SEMESTER/VS/Project/PulseOximeter/Core/Src/stm32h7xx_hal_msp.c:95:6:HAL_CRC_MspInit	8	static
D:/Faks-Zan/3.LETNIK/1.SEMESTER/VS/Project/PulseOximeter/Core/Src/stm32h7xx_hal_msp.c:118:6:HAL_CRC_MspDeInit	0	static
D:/Faks-Zan/3.LETNIK/1.SEMESTER/VS/Project/PulseOximeter/Core/Src/stm32h7xx_hal_msp.c:140:6:HAL_DMA2D_MspInit	16	static
D:/Faks-Zan/3.LETNIK/1.SEMESTER/VS/Project/PulseOximeter/Core/Src/stm32h7xx_hal_msp.c:166:6:HAL_DMA2D_MspDeInit	0	static
D:/Faks-Zan/3.LETNIK/1.SEMESTER/VS/Project/PulseOximeter/Core/Src/stm32h7xx_hal_msp.c:191:6:HAL_I2C_MspInit	240	static
D:/Faks-Zan/3.LETNIK/1.SEMESTER/VS/Project/PulseOximeter/Core/Src/stm32h7xx_hal_msp.c:279:6:HAL_I2C_MspDeInit	8	static
D:/Faks-Zan/3.LETNIK/1.SEMESTER/VS/Project/PulseOximeter/Core/Src/stm32h7xx_hal_msp.c:317:6:HAL_JPEG_MspInit	24	static
D:/Faks-Zan/3.LETNIK/1.SEMESTER/VS/Project/PulseOximeter/Core/Src/stm32h7xx_hal_msp.c:402:6:HAL_JPEG_MspDeInit	8	static
D:/Faks-Zan/3.LETNIK/1.SEMESTER/VS/Project/PulseOximeter/Core/Src/stm32h7xx_hal_msp.c:431:6:HAL_LTDC_MspInit	248	static
D:/Faks-Zan/3.LETNIK/1.SEMESTER/VS/Project/PulseOximeter/Core/Src/stm32h7xx_hal_msp.c:544:6:HAL_LTDC_MspDeInit	8	static
D:/Faks-Zan/3.LETNIK/1.SEMESTER/VS/Project/PulseOximeter/Core/Src/stm32h7xx_hal_msp.c:612:6:HAL_QSPI_MspInit	264	static
D:/Faks-Zan/3.LETNIK/1.SEMESTER/VS/Project/PulseOximeter/Core/Src/stm32h7xx_hal_msp.c:706:6:HAL_QSPI_MspDeInit	8	static
D:/Faks-Zan/3.LETNIK/1.SEMESTER/VS/Project/PulseOximeter/Core/Src/stm32h7xx_hal_msp.c:749:6:HAL_UART_MspInit	232	static
D:/Faks-Zan/3.LETNIK/1.SEMESTER/VS/Project/PulseOximeter/Core/Src/stm32h7xx_hal_msp.c:797:6:HAL_UART_MspDeInit	0	static
D:/Faks-Zan/3.LETNIK/1.SEMESTER/VS/Project/PulseOximeter/Core/Src/stm32h7xx_hal_msp.c:931:6:HAL_SDRAM_MspInit	240	static
D:/Faks-Zan/3.LETNIK/1.SEMESTER/VS/Project/PulseOximeter/Core/Src/stm32h7xx_hal_msp.c:1015:6:HAL_SDRAM_MspDeInit	8	static
