../../Middlewares/ST/touchgfx/framework/include/touchgfx/Screen.hpp:104:18:virtual void touchgfx::Screen::afterTransition()	0	static
../../Middlewares/ST/touchgfx/framework/include/touchgfx/Screen.hpp:144:18:virtual void touchgfx::Screen::handleTickEvent()	0	static
../../Middlewares/ST/touchgfx/framework/include/touchgfx/Screen.hpp:154:18:virtual void touchgfx::Screen::handleKeyEvent(uint8_t)	0	static
../../TouchGFX/generated/gui_generated/include/gui_generated/datascreen_screen/DataScreenViewBase.hpp:26:18:virtual void DataScreenViewBase::Update_HR()	0	static
../../TouchGFX/generated/gui_generated/include/gui_generated/datascreen_screen/DataScreenViewBase.hpp:31:18:virtual void DataScreenViewBase::Update_SpO2()	0	static
D:/Faks-Zan/3.LETNIK/1.SEMESTER/VS/Project/PulseOximeter/TouchGFX/gui/src/datascreen_screen/DataScreenView.cpp:13:6:virtual void DataScreenView::tearDownScreen()	0	static
../../TouchGFX/gui/include/gui/datascreen_screen/DataScreenView.hpp:11:13:DataScreenView::~DataScreenView()	8	static
../../TouchGFX/gui/include/gui/datascreen_screen/DataScreenView.hpp:11:13:virtual DataScreenView::~DataScreenView()	8	static
D:/Faks-Zan/3.LETNIK/1.SEMESTER/VS/Project/PulseOximeter/TouchGFX/gui/src/datascreen_screen/DataScreenView.cpp:3:1:DataScreenView::DataScreenView()	8	static
D:/Faks-Zan/3.LETNIK/1.SEMESTER/VS/Project/PulseOximeter/TouchGFX/gui/src/datascreen_screen/DataScreenView.cpp:8:6:virtual void DataScreenView::setupScreen()	0	static
D:/Faks-Zan/3.LETNIK/1.SEMESTER/VS/Project/PulseOximeter/TouchGFX/gui/src/datascreen_screen/DataScreenView.cpp:18:6:virtual void DataScreenView::Update_HR(int32_t)	24	static
D:/Faks-Zan/3.LETNIK/1.SEMESTER/VS/Project/PulseOximeter/TouchGFX/gui/src/datascreen_screen/DataScreenView.cpp:28:6:virtual void DataScreenView::Update_SpO2(uint8_t)	16	static
