../../TouchGFX/gui/include/gui/startscreen_screen/StartScreenPresenter.hpp:28:13:StartScreenPresenter::~StartScreenPresenter()	0	static
D:/Faks-Zan/3.LETNIK/1.SEMESTER/VS/Project/PulseOximeter/TouchGFX/gui/src/startscreen_screen/StartScreenPresenter.cpp:10:6:virtual void StartScreenPresenter::activate()	0	static
../../TouchGFX/gui/include/gui/startscreen_screen/StartScreenPresenter.hpp:28:13:virtual StartScreenPresenter::~StartScreenPresenter()	8	static
../../TouchGFX/gui/include/gui/startscreen_screen/StartScreenPresenter.hpp:28:13:virtual void* StartScreenPresenter::_ZThn4_N20StartScreenPresenterD1Ev()	0	static
../../TouchGFX/gui/include/gui/startscreen_screen/StartScreenPresenter.hpp:28:13:virtual void* StartScreenPresenter::_ZThn4_N20StartScreenPresenterD0Ev()	8	static
D:/Faks-Zan/3.LETNIK/1.SEMESTER/VS/Project/PulseOximeter/TouchGFX/gui/src/startscreen_screen/StartScreenPresenter.cpp:4:1:StartScreenPresenter::StartScreenPresenter(StartScreenView&)	4	static
