../../Middlewares/ST/touchgfx/framework/include/touchgfx/Screen.hpp:104:18:virtual void touchgfx::Screen::afterTransition()	0	static
../../Middlewares/ST/touchgfx/framework/include/touchgfx/Screen.hpp:144:18:virtual void touchgfx::Screen::handleTickEvent()	0	static
../../Middlewares/ST/touchgfx/framework/include/touchgfx/Screen.hpp:154:18:virtual void touchgfx::Screen::handleKeyEvent(uint8_t)	0	static
D:/Faks-Zan/3.LETNIK/1.SEMESTER/VS/Project/PulseOximeter/TouchGFX/gui/src/startscreen_screen/StartScreenView.cpp:13:6:virtual void StartScreenView::tearDownScreen()	0	static
D:/Faks-Zan/3.LETNIK/1.SEMESTER/VS/Project/PulseOximeter/TouchGFX/gui/src/startscreen_screen/StartScreenView.cpp:18:6:virtual void StartScreenView::Update_HR(int32_t)	0	static
D:/Faks-Zan/3.LETNIK/1.SEMESTER/VS/Project/PulseOximeter/TouchGFX/gui/src/startscreen_screen/StartScreenView.cpp:23:6:virtual void StartScreenView::Update_SpO2(uint8_t)	0	static
../../TouchGFX/gui/include/gui/startscreen_screen/StartScreenView.hpp:11:13:StartScreenView::~StartScreenView()	8	static
../../TouchGFX/gui/include/gui/startscreen_screen/StartScreenView.hpp:11:13:virtual StartScreenView::~StartScreenView()	8	static
D:/Faks-Zan/3.LETNIK/1.SEMESTER/VS/Project/PulseOximeter/TouchGFX/gui/src/startscreen_screen/StartScreenView.cpp:3:1:StartScreenView::StartScreenView()	8	static
D:/Faks-Zan/3.LETNIK/1.SEMESTER/VS/Project/PulseOximeter/TouchGFX/gui/src/startscreen_screen/StartScreenView.cpp:8:6:virtual void StartScreenView::setupScreen()	0	static
